
   FAIL  Tests\Feature\ManagerProductRestrictionTest
  Γ£ô manager cΓÇª 0.25s  
  Γ£ô manager cΓÇª 0.02s  
  Γ¿» manager cΓÇª 0.02s  
  Γ¿» manager cΓÇª 0.01s  
  Γ¿» manager cΓÇª 0.01s  
  Γ¿» manager cΓÇª 0.01s  
  Γ£ô admin canΓÇª 0.01s  
  ΓöÇΓöÇΓöÇΓöÇΓöÇΓöÇΓöÇΓöÇΓöÇΓöÇΓöÇΓöÇΓöÇΓöÇΓöÇΓöÇΓöÇΓöÇ  
  ΓÇª  QueryException   
  SQLSTATE[23000]: Integrity constraint violation: 19 NOT NULL constraint failed: categories.slug (Connection: sqlite, SQL: insert into "categories" ("name", "updated_at", "created_at") values (Test Cat, 2026-01-02 14:11:37, 2026-01-02 14:11:37))

  at vendor\laravel\framework\src\Illuminate\Database\Connection.php:826
    822Γûò                     $this->getName(), $query, $this->prepareBindings($bindings), $e
    823Γûò                 );
    824Γûò             }
    825Γûò 
  Γ₧£ 826Γûò             throw new QueryException(
    827Γûò                 $this->getName(), $query, $this->prepareBindings($bindings), $e
    828Γûò             );
    829Γûò         }
    830Γûò     }

  1   vendor\laravel\framework\src\Illuminate\Database\Connection.php:826

  2   vendor\laravel\framework\src\Illuminate\Database\Connection.php:570
      NunoMaduro\Collision\Exceptions\TestException::("SQLSTATE[23000]: Integrity constraint violation: 19 NOT NULL constraint failed: categories.slug")

  ΓöÇΓöÇΓöÇΓöÇΓöÇΓöÇΓöÇΓöÇΓöÇΓöÇΓöÇΓöÇΓöÇΓöÇΓöÇΓöÇΓöÇΓöÇ  
  ΓÇª  QueryException   
  SQLSTATE[23000]: Integrity constraint violation: 19 NOT NULL constraint failed: categories.slug (Connection: sqlite, SQL: insert into "categories" ("name", "updated_at", "created_at") values (C, 2026-01-02 14:11:37, 2026-01-02 14:11:37))

  at vendor\laravel\framework\src\Illuminate\Database\Connection.php:826
    822Γûò                     $this->getName(), $query, $this->prepareBindings($bindings), $e
    823Γûò                 );
    824Γûò             }
    825Γûò 
  Γ₧£ 826Γûò             throw new QueryException(
    827Γûò                 $this->getName(), $query, $this->prepareBindings($bindings), $e
    828Γûò             );
    829Γûò         }
    830Γûò     }

  1   vendor\laravel\framework\src\Illuminate\Database\Connection.php:826

  2   vendor\laravel\framework\src\Illuminate\Database\Connection.php:570
      NunoMaduro\Collision\Exceptions\TestException::("SQLSTATE[23000]: Integrity constraint violation: 19 NOT NULL constraint failed: categories.slug")

  ΓöÇΓöÇΓöÇΓöÇΓöÇΓöÇΓöÇΓöÇΓöÇΓöÇΓöÇΓöÇΓöÇΓöÇΓöÇΓöÇΓöÇΓöÇ  
  ΓÇª  QueryException   
  SQLSTATE[23000]: Integrity constraint violation: 19 NOT NULL constraint failed: categories.slug (Connection: sqlite, SQL: insert into "categories" ("name", "updated_at", "created_at") values (C, 2026-01-02 14:11:37, 2026-01-02 14:11:37))

  at vendor\laravel\framework\src\Illuminate\Database\Connection.php:826
    822Γûò                     $this->getName(), $query, $this->prepareBindings($bindings), $e
    823Γûò                 );
    824Γûò             }
    825Γûò 
  Γ₧£ 826Γûò             throw new QueryException(
    827Γûò                 $this->getName(), $query, $this->prepareBindings($bindings), $e
    828Γûò             );
    829Γûò         }
    830Γûò     }

  1   vendor\laravel\framework\src\Illuminate\Database\Connection.php:826

  2   vendor\laravel\framework\src\Illuminate\Database\Connection.php:570
      NunoMaduro\Collision\Exceptions\TestException::("SQLSTATE[23000]: Integrity constraint violation: 19 NOT NULL constraint failed: categories.slug")

  ΓöÇΓöÇΓöÇΓöÇΓöÇΓöÇΓöÇΓöÇΓöÇΓöÇΓöÇΓöÇΓöÇΓöÇΓöÇΓöÇΓöÇΓöÇ  
  ΓÇª  QueryException   
  SQLSTATE[23000]: Integrity constraint violation: 19 NOT NULL constraint failed: categories.slug (Connection: sqlite, SQL: insert into "categories" ("name", "updated_at", "created_at") values (C, 2026-01-02 14:11:37, 2026-01-02 14:11:37))

  at vendor\laravel\framework\src\Illuminate\Database\Connection.php:826
    822Γûò                     $this->getName(), $query, $this->prepareBindings($bindings), $e
    823Γûò                 );
    824Γûò             }
    825Γûò 
  Γ₧£ 826Γûò             throw new QueryException(
    827Γûò                 $this->getName(), $query, $this->prepareBindings($bindings), $e
    828Γûò             );
    829Γûò         }
    830Γûò     }

  1   vendor\laravel\framework\src\Illuminate\Database\Connection.php:826

  2   vendor\laravel\framework\src\Illuminate\Database\Connection.php:570
      NunoMaduro\Collision\Exceptions\TestException::("SQLSTATE[23000]: Integrity constraint violation: 19 NOT NULL constraint failed: categories.slug")


  Tests:    4 failed, 3 passed (5 assertions)
  Duration: 0.46s

